
> vedsite@0.1.0 build
> next build

Γû▓ Next.js 16.2.10 (Turbopack)
- Environments: .env

  Creating an optimized production build ...
Γ£ô Compiled successfully in 13.9s
  Running TypeScript ...
  Finished TypeScript in 9.8s ...
  Collecting page data using 7 workers ...
  Generating static pages using 7 workers (0/12) ...
  Generating static pages using 7 workers (3/12) 
  Generating static pages using 7 workers (6/12) 
  Generating static pages using 7 workers (9/12) 
Γ£ô Generating static pages using 7 workers (12/12) in 853ms
  Finalizing page optimization ...

Route (app)
Γöî Γùï /
Γö£ Γùï /_not-found
Γö£ ╞Æ /api/auth/[...nextauth]
Γö£ ╞Æ /api/leaderboard
Γö£ ╞Æ /api/profile
Γö£ ╞Æ /api/quizzes
Γö£ ╞Æ /api/quizzes/[id]/submit
Γö£ ╞Æ /api/register
Γö£ Γùï /create
Γö£ Γùï /leaderboard
Γö£ Γùï /login
Γö£ Γùï /profile
Γö£ ╞Æ /quizzes
Γö£ Γùï /register
Γö£ ╞Æ /results/[id]
Γöö ╞Æ /take/[id]


Γùï  (Static)   prerendered as static content
╞Æ  (Dynamic)  server-rendered on demand

